------------------------------------------------------------
Timing Analyzer Summary
------------------------------------------------------------

Type  : Slow 1100mV 85C Model Setup 'CLK'
Slack : -2.461
TNS   : -29.167

Type  : Slow 1100mV 85C Model Hold 'CLK'
Slack : 0.548
TNS   : 0.000

Type  : Slow 1100mV 85C Model Recovery 'CLK'
Slack : -2.550
TNS   : -38.561

Type  : Slow 1100mV 85C Model Removal 'CLK'
Slack : 1.711
TNS   : 0.000

Type  : Slow 1100mV 85C Model Minimum Pulse Width 'CLK'
Slack : -0.724
TNS   : -17.749

Type  : Slow 1100mV 0C Model Setup 'CLK'
Slack : -2.667
TNS   : -29.698

Type  : Slow 1100mV 0C Model Hold 'CLK'
Slack : 0.584
TNS   : 0.000

Type  : Slow 1100mV 0C Model Recovery 'CLK'
Slack : -2.574
TNS   : -38.793

Type  : Slow 1100mV 0C Model Removal 'CLK'
Slack : 1.634
TNS   : 0.000

Type  : Slow 1100mV 0C Model Minimum Pulse Width 'CLK'
Slack : -0.724
TNS   : -17.744

Type  : Fast 1100mV 85C Model Setup 'CLK'
Slack : -0.313
TNS   : -2.343

Type  : Fast 1100mV 85C Model Hold 'CLK'
Slack : 0.181
TNS   : 0.000

Type  : Fast 1100mV 85C Model Recovery 'CLK'
Slack : -0.434
TNS   : -4.949

Type  : Fast 1100mV 85C Model Removal 'CLK'
Slack : 0.674
TNS   : 0.000

Type  : Fast 1100mV 85C Model Minimum Pulse Width 'CLK'
Slack : -0.089
TNS   : -1.371

Type  : Fast 1100mV 0C Model Setup 'CLK'
Slack : -0.234
TNS   : -1.340

Type  : Fast 1100mV 0C Model Hold 'CLK'
Slack : 0.171
TNS   : 0.000

Type  : Fast 1100mV 0C Model Recovery 'CLK'
Slack : -0.331
TNS   : -3.601

Type  : Fast 1100mV 0C Model Removal 'CLK'
Slack : 0.607
TNS   : 0.000

Type  : Fast 1100mV 0C Model Minimum Pulse Width 'CLK'
Slack : -0.090
TNS   : -1.408

------------------------------------------------------------
